<html>
<body>
<pre>
<h1>�Vision Build Log</h1>
<h2>Tool Versions:</h2>
IDE-Version: ��Vision V5.43.1.0
Copyright (C) 2025 ARM Ltd and ARM Germany GmbH. All rights reserved.
License Information: 1 Raise, 1, LIC=53CT9-NYV79-G97G3-NSZUN-K0DQJ-A2N6D
 
Tool Versions:
Toolchain:       MDK-ARM Community  Version: 5.43.0.0
Toolchain Path:  D:\Program Files\keil\ARM\ARM_Compiler_5.06u7\Bin
C Compiler:      Armcc.exe V5.06 update 7 (build 960)
Assembler:       Armasm.exe V5.06 update 7 (build 960)
Linker/Locator:  ArmLink.exe V5.06 update 7 (build 960)
Library Manager: ArmAr.exe V5.06 update 7 (build 960)
Hex Converter:   FromElf.exe V5.06 update 7 (build 960)
CPU DLL:         SARMCM3.DLL V5.43.0.0
Dialog DLL:      DCM.DLL V1.17.5.0
Target DLL:      STLink\ST-LINKIII-KEIL_SWO.dll V3.3.1.0
Dialog DLL:      TCM.DLL V1.56.6.0
 
<h2>Project:</h2>
D:\stm32-learn\CAR_REG\CAR_REG.uvprojx
Project File Date:  03/25/2026

<h2>Output:</h2>
*** Using Compiler 'V5.06 update 7 (build 960)', folder: 'D:\Program Files\keil\ARM\ARM_Compiler_5.06u7\Bin'
Build target 'Target_1'
compiling APP_Car.c...
App\APP_Car.c(70): warning:  #167-D: argument of type "char *" is incompatible with parameter of type "u8 *"
      OLED_ShowString(48,48,angle_str,16,1); // 显示在Angle:后面，是六个字符�? x=6*8=48开始；第四行，y=48
App\APP_Car.c(74): warning:  #1-D: last line of file ends without a newline
  }
App\APP_Car.c: 2 warnings, 0 errors
linking...
Program Size: Code=11644 RO-data=8124 RW-data=216 ZI-data=3032  
FromELF: creating hex file...
".\Objects\CAR_REG.axf" - 0 Error(s), 2 Warning(s).

<h2>Software Packages used:</h2>

Package Vendor: Keil
                https://www.keil.com/pack/Keil.STM32F1xx_DFP.2.4.1.pack
                Keil::STM32F1xx_DFP@2.4.1
                STMicroelectronics STM32F1 Series Device Support, Drivers and Examples

<h2>Collection of Component include folders:</h2>
  D:/Program Files/keil/ARM/Packs/Keil/STM32F1xx_DFP/2.4.1/Device/Include

<h2>Collection of Component Files used:</h2>
Build Time Elapsed:  00:00:00
</pre>
</body>
</html>
